Cache size                    : 64
Block size                    : 64
Associativity                 : 0
Read only ports               : 0
Write only ports              : 0
Read write ports              : 1
Single ended read ports       : 0
Search ports                  : 1
Cache banks (UCA)             : 1
Technology                    : 0.022
Temperature                   : 360
Tag size                      : 42
array type                    : Cache
Model as memory               : 0
Model as 3D memory       	 : 0
Access mode                   : 0
Data array cell type          : 0
Data array peripheral type    : 0
Tag array cell type           : 0
Tag array peripheral type     : 0
Optimization target           : 2
Design objective (UCA wt)     : 0 0 0 100 0
Design objective (UCA dev)    : 20 100000 100000 100000 100000
Cache model                   : 0
Nuca bank                     : 0
Wire inside mat               : 1
Wire outside mat              : 1
Interconnect projection       : 1
Wire signaling               : 1
Print level                   : 1
ECC overhead                  : 1
Page size                     : 8192
Burst length                  : 8
Internal prefetch width       : 8
Force cache config            : 0
Subarray Driver direction       : 1
iostate                       : READ
dram_ecc                      : NO_ECC
io_type                     : DDR3
dram_dimm                      : UDIMM
IO Area (sq.mm) = inf
IO Timing Margin (ps) = -26.6667
IO Votlage Margin (V) = 0.155
IO Dynamic Power (mW) = 1532.72 PHY Power (mW) = 283.44 PHY Wakeup Time (us) = 27.503
IO Termination and Bias Power (mW) = 3136.7
ERROR: no valid data array organizations found
